# H1
Шпаргалка при работе с Git

---
## H2
Инициализация git в локальной папке

#### H4
Применяем, чтобы git начал отслеживать историю изменений


1) Открыть терминал
2) Перейти в папку, где хотим использовать ГИТ командой cd
3) Инициализировать гит: git init 

Примечание: мы всегда можем "разгитить" папку командой rm -rf .git

Ура! Репозиторий связан с Гит. Проверяем статус командой git status


#### H4
Основные команды ГИТ при работе с репозиторием

git add --all - добавить файлы для отслеживания 
git add . - добавить всю папку для отслеживания 
git add название файла - добавить конкретний файл для отслеживания

Примечание: git add не коммитит (не сохраняет изменения), а только говорит ГИТ, чтобы он начал следить за этими файлами. Если в данных файлах что-то изменится, ГИТ увидит это и выведет данные через команду git status. Если мы хотим, чтобы изменения сохранились, нужно снова ввести команду git add (далее вариации команды)

git commit - команда для сохранения изменений. 
git commit -m 'это коммит с сообщением, которое мы напишем в кавычках'   

Примечание: посмотреть историю коммитов можно командой git log

## H2
Связывание git в локальной папке с GitHub

1) Создаем репозиторий на GitHub
2) Связываем папку на компьютере через команду git remote add origin далее_ссылка_на_репозиторий_gitHub

Примечание: через команду git remote -v можно увидеть, удалось ли связать папки

3) чтобы запушить данные с локального компьютера на удаленный репозиторий используем команду git push -u origin main

Примечание: для получения прав на push в удаленный репозиторий вам понадобится или shh ключ или токен


---
##H2
HEAD

Файл HEAD (англ. «голова», «головной») — один из служебных файлов папки .git. Он указывает на коммит, который сделан последним (то есть на самый новый).

В этом можно убедиться с помощью терминала. Перейдите в папку .git командой cd. Посмотрите содержимое файла HEAD командой cat.

Внутри HEAD — ссылка на служебный файл: refs/heads/master (или refs/heads/main в зависимости от названия ветки). Если заглянуть в этот файл, можно увидеть хеш последнего коммита.

Если нужно передать последний коммит, то вместо его хеша можно просто написать слово HEAD — Git поймёт, что вы имели в виду последний коммит.

---
##H2
Статусы файлов в Git

- untracked (англ. «неотслеживаемый»)
Git «видит», что такой файл существует, но не следит за изменениями в нём. У untracked-файла нет предыдущих версий, зафиксированных в коммитах или через команду git add.
- staged (англ. «подготовленный»)

После выполнения команды git add файл попадает в staging area (от англ. stage — «сцена», «этап [процесса]» и area — «область»), то есть в список файлов, которые войдут в коммит. В этот момент файл находится в состоянии staged.

💡 Staging area, index и cache
Staging area также называют index (англ. «каталог») или cache (англ. «кеш»), а состояние файла staged иногда называют indexed или cached.
Все три варианта могут встречаться в документации и в качестве флагов команд Git. А также в интернете — например, в вопросах и ответах на сайте Stack Overflow.

- tracked (англ. «отслеживаемый»)

Состояние tracked — это противоположность untracked. Оно довольно широкое по смыслу: в него попадают файлы, которые уже были зафиксированы с помощью git commit, а также файлы, которые были добавлены в staging area командой git add. То есть все файлы, в которых Git так или иначе отслеживает изменения.

- modified (англ. «изменённый»)

Состояние modified означает, что Git сравнил содержимое файла с последней сохранённой версией и нашёл отличия. Например, файл был закоммичен и после этого изменён.
💡 Для файлов в состояниях staged и modified обычно не указывают, что они также tracked, потому что это состояние подразумевается.

Про staged и modified
Команда git add добавляет в staging area только текущее содержимое файла. Если вы, например, сделаете git add file.txt, а затем измените file.txt, то новое содержимое файла не будет находиться в staging.
Git сообщит об этом с помощью статуса modified: файл изменён относительно той версии, которая уже в staging. Чтобы добавить в staging последнюю версию, нужно выполнить git add file.txt ещё раз.

---
##H2
Как исправить коммит

Иногда в только что выполненном коммите нужно что-то поменять: например, добавить ещё пару файлов или заменить сообщение на более информативное.

В таком случае можно внести правки в уже сделанный коммит с помощью опции --amend (от англ. amend — «исправить», «дополнить») у команды commit: git commit --amend.

Важно: опция --amend работает только с последним коммитом (HEAD). Для исправления более ранних коммитов есть другие команды.

//$ git add common.css
# добавили файл common.css в список на коммит как обычно

# но вместо команды commit -m '...'
# будет:
$ git commit --amend --no-edit

$ git log --oneline
8340eb2 Добавить главную страницу
# коммит в истории всё ещё один (но у него новый хеш) //


С опцией --amend команда commit не создаст новый коммит, а дополнит последний, просто добавив в него файл common.css. При этом хеш последнего коммита изменится, потому что изменился список файлов в коммите.

--no-edit. Она сообщает команде commit, что сообщение коммита нужно оставить как было.

Точно так же можно добавить не новый файл, а дополнительные изменения в уже добавленном в коммит файле

# ещё раз отредактировали main.html

$ git add main.html # добавили в список на коммит
$ git commit --amend --no-edit 

Изменить сообщение коммита — git commit --amend -m "Новое сообщение"

Может быть и так, что добавлять новые файлы в коммит не нужно, зато понадобилось изменить сообщение

Если забыть указать у команды git commit --amend один из флагов (--no-edit или -m), Git предложит отредактировать сообщение коммита вручную. Для этого он откроет текстовый редактор, который установлен в системе по умолчанию. Чаще всего это либо GNU nano, либо Vim.

##H2 
Как откатиться назад, если «всё сломалось»

1) Выполнить unstage изменений — git restore --staged <file>

Допустим, вы создали или изменили какой-то файл и добавили его в список «на коммит» (staging area) с помощью git add, но потом передумали включать его туда. Убрать файл из staging поможет команда git restore --staged <file> (от англ. restore — «восстановить»).

Чтобы «сбросить» все файлы из staged обратно в untracked/modified, можно воспользоваться командой git restore --staged .: она сбросит всю текущую папку (.).

2) «Откатить» коммит — git reset --hard <commit hash>

Иногда нужно «откатить» то, что уже было закоммичено, то есть вернуть состояние репозитория к более раннему. Для этого используют команду git reset --hard <commit hash> (от англ. reset  — «сброс», «обнуление» и hard — «суровый»).

//
$ git log --oneline # хеш можно найти в истории
7b972f5 (HEAD -> master) style: добавить комментарии, расставить отступы
b576d89 feat: добавить массив Expenses и цикл для добавления трат # вот сюда и вернёмся
4b58962 refactor: разделить analyzeExpenses() на countSum() и saveExpenses()

$ git reset --hard b576d89
# теперь мы на этом коммите
HEAD is now at b576d89 feat: добавить массив Expenses и цикл для добавления трат 
//
Теперь коммит b576d89 стал последним: вся дальнейшая разработка будет вестись от него. Файл также вернулся к тому состоянию, в котором был в момент этого коммита. А коммит 7b972f5 Git просто удалил.

Важно: Команда не только откатывает изменения, но и удаляет добавленные файлы

3) «Откатить» изменения, которые не попали ни в staging, ни в коммит, — git restore <file>

//
# случайно изменили файл example.txt
$ git status
On branch main
Changes not staged for commit:
  (use "git add <file>..." to update what will be committed)
  (use "git restore <file>..." to discard changes in working directory)
          modified:   example.txt

$ git restore example.txt
$ git status
On branch main
nothing to commit, working tree clean 
//
Изменения в файле «откатятся» до последней версии, которая была сохранена через git commit или git add.

Краткое содержимое
Команда git restore --staged <file> переведёт файл из staged обратно в modified или untracked.
Команда git reset --hard <commit hash> «откатит» историю до коммита с хешем <hash>. Более поздние коммиты потеряются!
Команда git restore <file> «откатит» изменения в файле до последней сохранённой (в коммите или в staging) версии.

##H2 Просматриваем изменения в файлах

Команда git diff сравнит последнюю закоммиченную версию файла с той, что находится в состоянии modified.
Команда git diff --staged покажет изменения в staged-файлах относительно последних закоммиченных версий.


